Copyright 1986-2018 Xilinx, Inc. All Rights Reserved.
--------------------------------------------------------------------------------------
| Tool Version : Vivado v.2018.2 (win64) Build 2258646 Thu Jun 14 20:03:12 MDT 2018
| Date         : Sun Sep 15 15:19:25 2019
| Host         : Ishwar running 64-bit major release  (build 9200)
| Command      : report_control_sets -verbose -file top_level_control_sets_placed.rpt
| Design       : top_level
| Device       : xc7a100t
--------------------------------------------------------------------------------------

Control Set Information

Table of Contents
-----------------
1. Summary
2. Histogram
3. Flip-Flop Distribution
4. Detailed Control Set Information

1. Summary
----------

+----------------------------------------------------------+-------+
|                          Status                          | Count |
+----------------------------------------------------------+-------+
| Number of unique control sets                            |   268 |
| Unused register locations in slices containing registers |    20 |
+----------------------------------------------------------+-------+


2. Histogram
------------

+--------+--------------+
| Fanout | Control Sets |
+--------+--------------+
|      8 |            3 |
|     14 |            2 |
|    16+ |          263 |
+--------+--------------+


3. Flip-Flop Distribution
-------------------------

+--------------+-----------------------+------------------------+-----------------+--------------+
| Clock Enable | Synchronous Set/Reset | Asynchronous Set/Reset | Total Registers | Total Slices |
+--------------+-----------------------+------------------------+-----------------+--------------+
| No           | No                    | No                     |              14 |            5 |
| No           | No                    | Yes                    |              60 |           13 |
| No           | Yes                   | No                     |               0 |            0 |
| Yes          | No                    | No                     |              46 |            9 |
| Yes          | No                    | Yes                    |              80 |           13 |
| Yes          | Yes                   | No                     |            4220 |          762 |
+--------------+-----------------------+------------------------+-----------------+--------------+


4. Detailed Control Set Information
-----------------------------------

+----------------+--------------------------------------+------------------------------------+------------------+----------------+
|  Clock Signal  |             Enable Signal            |          Set/Reset Signal          | Slice Load Count | Bel Load Count |
+----------------+--------------------------------------+------------------------------------+------------------+----------------+
|  clk_IBUF_BUFG | uart/rx_count0                       | flasher/current_num_bytes_reg[0]_0 |                1 |              8 |
|  clk_IBUF_BUFG | flasher/E[0]                         | flasher/current_num_bytes_reg[0]_0 |                2 |              8 |
|  clk_IBUF_BUFG | flasher/state[3]_i_2_n_0             | flasher/current_num_bytes_reg[0]_0 |                2 |              8 |
|  clk_IBUF_BUFG |                                      |                                    |                5 |             14 |
|  clk_IBUF_BUFG | spi/clk_toggles0                     |                                    |                3 |             14 |
|  clk_IBUF_BUFG | flasher/current_data[104][7]_i_1_n_0 | flasher/current_num_bytes_reg[0]_0 |                3 |             16 |
|  clk_IBUF_BUFG | flasher/current_data[101][7]_i_1_n_0 | flasher/current_num_bytes_reg[0]_0 |                2 |             16 |
|  clk_IBUF_BUFG | flasher/current_data[105][7]_i_1_n_0 | flasher/current_num_bytes_reg[0]_0 |                3 |             16 |
|  clk_IBUF_BUFG | flasher/current_data[115][7]_i_1_n_0 | flasher/current_num_bytes_reg[0]_0 |                3 |             16 |
|  clk_IBUF_BUFG | flasher/current_data[103][7]_i_1_n_0 | flasher/current_num_bytes_reg[0]_0 |                1 |             16 |
|  clk_IBUF_BUFG | flasher/current_data[107][7]_i_1_n_0 | flasher/current_num_bytes_reg[0]_0 |                2 |             16 |
|  clk_IBUF_BUFG | flasher/current_data[110][7]_i_1_n_0 | flasher/current_num_bytes_reg[0]_0 |                3 |             16 |
|  clk_IBUF_BUFG | flasher/current_data[109][7]_i_1_n_0 | flasher/current_num_bytes_reg[0]_0 |                3 |             16 |
|  clk_IBUF_BUFG | flasher/current_data[0][7]_i_1_n_0   | flasher/current_num_bytes_reg[0]_0 |                3 |             16 |
|  clk_IBUF_BUFG | flasher/current_data[111][7]_i_1_n_0 | flasher/current_num_bytes_reg[0]_0 |                3 |             16 |
|  clk_IBUF_BUFG | flasher/current_data[113][7]_i_1_n_0 | flasher/current_num_bytes_reg[0]_0 |                3 |             16 |
|  clk_IBUF_BUFG | flasher/current_data[100][7]_i_1_n_0 | flasher/current_num_bytes_reg[0]_0 |                3 |             16 |
|  clk_IBUF_BUFG | flasher/current_data[116][7]_i_1_n_0 | flasher/current_num_bytes_reg[0]_0 |                1 |             16 |
|  clk_IBUF_BUFG | flasher/current_data[117][7]_i_1_n_0 | flasher/current_num_bytes_reg[0]_0 |                2 |             16 |
|  clk_IBUF_BUFG | flasher/current_data[118][7]_i_1_n_0 | flasher/current_num_bytes_reg[0]_0 |                1 |             16 |
|  clk_IBUF_BUFG | flasher/current_data[120][7]_i_1_n_0 | flasher/current_num_bytes_reg[0]_0 |                2 |             16 |
|  clk_IBUF_BUFG | flasher/current_data[121][7]_i_1_n_0 | flasher/current_num_bytes_reg[0]_0 |                2 |             16 |
|  clk_IBUF_BUFG | flasher/current_data[123][7]_i_1_n_0 | flasher/current_num_bytes_reg[0]_0 |                3 |             16 |
|  clk_IBUF_BUFG | flasher/current_data[10][7]_i_1_n_0  | flasher/current_num_bytes_reg[0]_0 |                2 |             16 |
|  clk_IBUF_BUFG | flasher/current_data[102][7]_i_1_n_0 | flasher/current_num_bytes_reg[0]_0 |                3 |             16 |
|  clk_IBUF_BUFG | flasher/current_data[112][7]_i_1_n_0 | flasher/current_num_bytes_reg[0]_0 |                1 |             16 |
|  clk_IBUF_BUFG | flasher/current_data[119][7]_i_1_n_0 | flasher/current_num_bytes_reg[0]_0 |                1 |             16 |
|  clk_IBUF_BUFG | flasher/current_data[124][7]_i_1_n_0 | flasher/current_num_bytes_reg[0]_0 |                2 |             16 |
|  clk_IBUF_BUFG | flasher/current_data[122][7]_i_1_n_0 | flasher/current_num_bytes_reg[0]_0 |                3 |             16 |
|  clk_IBUF_BUFG | flasher/current_data[108][7]_i_1_n_0 | flasher/current_num_bytes_reg[0]_0 |                2 |             16 |
|  clk_IBUF_BUFG | flasher/current_data[11][7]_i_1_n_0  | flasher/current_num_bytes_reg[0]_0 |                3 |             16 |
|  clk_IBUF_BUFG | flasher/current_data[135][7]_i_1_n_0 | flasher/current_num_bytes_reg[0]_0 |                1 |             16 |
|  clk_IBUF_BUFG | flasher/current_data[137][7]_i_1_n_0 | flasher/current_num_bytes_reg[0]_0 |                2 |             16 |
|  clk_IBUF_BUFG | flasher/current_data[145][7]_i_1_n_0 | flasher/current_num_bytes_reg[0]_0 |                3 |             16 |
|  clk_IBUF_BUFG | flasher/current_data[153][7]_i_1_n_0 | flasher/current_num_bytes_reg[0]_0 |                2 |             16 |
|  clk_IBUF_BUFG | flasher/current_data[15][7]_i_1_n_0  | flasher/current_num_bytes_reg[0]_0 |                1 |             16 |
|  clk_IBUF_BUFG | flasher/current_data[146][7]_i_1_n_0 | flasher/current_num_bytes_reg[0]_0 |                2 |             16 |
|  clk_IBUF_BUFG | flasher/current_data[130][7]_i_1_n_0 | flasher/current_num_bytes_reg[0]_0 |                2 |             16 |
|  clk_IBUF_BUFG | flasher/current_data[156][7]_i_1_n_0 | flasher/current_num_bytes_reg[0]_0 |                5 |             16 |
|  clk_IBUF_BUFG | flasher/current_data[140][7]_i_1_n_0 | flasher/current_num_bytes_reg[0]_0 |                3 |             16 |
|  clk_IBUF_BUFG | flasher/current_data[160][7]_i_1_n_0 | flasher/current_num_bytes_reg[0]_0 |                2 |             16 |
|  clk_IBUF_BUFG | flasher/current_data[132][7]_i_1_n_0 | flasher/current_num_bytes_reg[0]_0 |                3 |             16 |
|  clk_IBUF_BUFG | flasher/current_data[136][7]_i_1_n_0 | flasher/current_num_bytes_reg[0]_0 |                2 |             16 |
|  clk_IBUF_BUFG | flasher/current_data[151][7]_i_1_n_0 | flasher/current_num_bytes_reg[0]_0 |                2 |             16 |
|  clk_IBUF_BUFG | flasher/current_data[161][7]_i_1_n_0 | flasher/current_num_bytes_reg[0]_0 |                2 |             16 |
|  clk_IBUF_BUFG | flasher/current_data[162][7]_i_1_n_0 | flasher/current_num_bytes_reg[0]_0 |                1 |             16 |
|  clk_IBUF_BUFG | flasher/current_data[163][7]_i_1_n_0 | flasher/current_num_bytes_reg[0]_0 |                2 |             16 |
|  clk_IBUF_BUFG | flasher/current_data[133][7]_i_1_n_0 | flasher/current_num_bytes_reg[0]_0 |                2 |             16 |
|  clk_IBUF_BUFG | flasher/current_data[149][7]_i_1_n_0 | flasher/current_num_bytes_reg[0]_0 |                1 |             16 |
|  clk_IBUF_BUFG | flasher/current_data[152][7]_i_1_n_0 | flasher/current_num_bytes_reg[0]_0 |                3 |             16 |
|  clk_IBUF_BUFG | flasher/current_data[148][7]_i_1_n_0 | flasher/current_num_bytes_reg[0]_0 |                2 |             16 |
|  clk_IBUF_BUFG | flasher/current_data[143][7]_i_1_n_0 | flasher/current_num_bytes_reg[0]_0 |                6 |             16 |
|  clk_IBUF_BUFG | flasher/current_data[125][7]_i_1_n_0 | flasher/current_num_bytes_reg[0]_0 |                3 |             16 |
|  clk_IBUF_BUFG | flasher/current_data[129][7]_i_1_n_0 | flasher/current_num_bytes_reg[0]_0 |                1 |             16 |
|  clk_IBUF_BUFG | flasher/current_data[134][7]_i_1_n_0 | flasher/current_num_bytes_reg[0]_0 |                1 |             16 |
|  clk_IBUF_BUFG | flasher/current_data[131][7]_i_1_n_0 | flasher/current_num_bytes_reg[0]_0 |                2 |             16 |
|  clk_IBUF_BUFG | flasher/current_data[139][7]_i_1_n_0 | flasher/current_num_bytes_reg[0]_0 |                2 |             16 |
|  clk_IBUF_BUFG | flasher/current_data[126][7]_i_1_n_0 | flasher/current_num_bytes_reg[0]_0 |                5 |             16 |
|  clk_IBUF_BUFG | flasher/current_data[127][7]_i_1_n_0 | flasher/current_num_bytes_reg[0]_0 |                4 |             16 |
|  clk_IBUF_BUFG | flasher/current_data[13][7]_i_1_n_0  | flasher/current_num_bytes_reg[0]_0 |                1 |             16 |
|  clk_IBUF_BUFG | flasher/current_data[150][7]_i_1_n_0 | flasher/current_num_bytes_reg[0]_0 |                2 |             16 |
|  clk_IBUF_BUFG | flasher/current_data[12][7]_i_1_n_0  | flasher/current_num_bytes_reg[0]_0 |                1 |             16 |
|  clk_IBUF_BUFG | flasher/current_data[154][7]_i_1_n_0 | flasher/current_num_bytes_reg[0]_0 |                2 |             16 |
|  clk_IBUF_BUFG | flasher/current_data[14][7]_i_1_n_0  | flasher/current_num_bytes_reg[0]_0 |                1 |             16 |
|  clk_IBUF_BUFG | flasher/current_data[155][7]_i_1_n_0 | flasher/current_num_bytes_reg[0]_0 |                2 |             16 |
|  clk_IBUF_BUFG | flasher/current_data[157][7]_i_1_n_0 | flasher/current_num_bytes_reg[0]_0 |                3 |             16 |
|  clk_IBUF_BUFG | flasher/current_data[159][7]_i_1_n_0 | flasher/current_num_bytes_reg[0]_0 |                6 |             16 |
|  clk_IBUF_BUFG | flasher/current_data[147][7]_i_1_n_0 | flasher/current_num_bytes_reg[0]_0 |                5 |             16 |
|  clk_IBUF_BUFG | flasher/current_data[158][7]_i_1_n_0 | flasher/current_num_bytes_reg[0]_0 |                7 |             16 |
|  clk_IBUF_BUFG | flasher/current_data[144][7]_i_1_n_0 | flasher/current_num_bytes_reg[0]_0 |                2 |             16 |
|  clk_IBUF_BUFG | flasher/current_data[164][7]_i_1_n_0 | flasher/current_num_bytes_reg[0]_0 |                4 |             16 |
|  clk_IBUF_BUFG | flasher/current_data[142][7]_i_1_n_0 | flasher/current_num_bytes_reg[0]_0 |                6 |             16 |
|  clk_IBUF_BUFG | flasher/current_data[165][7]_i_1_n_0 | flasher/current_num_bytes_reg[0]_0 |                2 |             16 |
|  clk_IBUF_BUFG | flasher/current_data[166][7]_i_1_n_0 | flasher/current_num_bytes_reg[0]_0 |                2 |             16 |
|  clk_IBUF_BUFG | flasher/current_data[167][7]_i_1_n_0 | flasher/current_num_bytes_reg[0]_0 |                4 |             16 |
|  clk_IBUF_BUFG | flasher/current_data[128][7]_i_1_n_0 | flasher/current_num_bytes_reg[0]_0 |                1 |             16 |
|  clk_IBUF_BUFG | flasher/current_data[138][7]_i_1_n_0 | flasher/current_num_bytes_reg[0]_0 |                2 |             16 |
|  clk_IBUF_BUFG | flasher/current_data[141][7]_i_1_n_0 | flasher/current_num_bytes_reg[0]_0 |                2 |             16 |
|  clk_IBUF_BUFG | flasher/current_data[207][7]_i_1_n_0 | flasher/current_num_bytes_reg[0]_0 |                5 |             16 |
|  clk_IBUF_BUFG | flasher/current_data[172][7]_i_1_n_0 | flasher/current_num_bytes_reg[0]_0 |                6 |             16 |
|  clk_IBUF_BUFG | flasher/current_data[16][7]_i_1_n_0  | flasher/current_num_bytes_reg[0]_0 |                4 |             16 |
|  clk_IBUF_BUFG | flasher/current_data[175][7]_i_1_n_0 | flasher/current_num_bytes_reg[0]_0 |                7 |             16 |
|  clk_IBUF_BUFG | flasher/current_data[177][7]_i_1_n_0 | flasher/current_num_bytes_reg[0]_0 |                2 |             16 |
|  clk_IBUF_BUFG | flasher/current_data[179][7]_i_1_n_0 | flasher/current_num_bytes_reg[0]_0 |                1 |             16 |
|  clk_IBUF_BUFG | flasher/current_data[188][7]_i_1_n_0 | flasher/current_num_bytes_reg[0]_0 |                4 |             16 |
|  clk_IBUF_BUFG | flasher/current_data[208][7]_i_1_n_0 | flasher/current_num_bytes_reg[0]_0 |                2 |             16 |
|  clk_IBUF_BUFG | flasher/current_data[209][7]_i_1_n_0 | flasher/current_num_bytes_reg[0]_0 |                2 |             16 |
|  clk_IBUF_BUFG | flasher/current_data[183][7]_i_1_n_0 | flasher/current_num_bytes_reg[0]_0 |                4 |             16 |
|  clk_IBUF_BUFG | flasher/current_data[194][7]_i_1_n_0 | flasher/current_num_bytes_reg[0]_0 |                2 |             16 |
|  clk_IBUF_BUFG | flasher/current_data[178][7]_i_1_n_0 | flasher/current_num_bytes_reg[0]_0 |                4 |             16 |
|  clk_IBUF_BUFG | flasher/current_data[180][7]_i_1_n_0 | flasher/current_num_bytes_reg[0]_0 |                7 |             16 |
|  clk_IBUF_BUFG | flasher/current_data[17][7]_i_1_n_0  | flasher/current_num_bytes_reg[0]_0 |                1 |             16 |
|  clk_IBUF_BUFG | flasher/current_data[1][7]_i_1_n_0   | flasher/current_num_bytes_reg[0]_0 |                2 |             16 |
|  clk_IBUF_BUFG | flasher/current_data[206][7]_i_1_n_0 | flasher/current_num_bytes_reg[0]_0 |                3 |             16 |
|  clk_IBUF_BUFG | flasher/current_data[210][7]_i_1_n_0 | flasher/current_num_bytes_reg[0]_0 |                2 |             16 |
|  clk_IBUF_BUFG | flasher/current_data[204][7]_i_1_n_0 | flasher/current_num_bytes_reg[0]_0 |                6 |             16 |
|  clk_IBUF_BUFG | flasher/current_data[19][7]_i_1_n_0  | flasher/current_num_bytes_reg[0]_0 |                3 |             16 |
|  clk_IBUF_BUFG | flasher/current_data[20][7]_i_1_n_0  | flasher/current_num_bytes_reg[0]_0 |                2 |             16 |
|  clk_IBUF_BUFG | flasher/current_data[212][7]_i_1_n_0 | flasher/current_num_bytes_reg[0]_0 |                2 |             16 |
|  clk_IBUF_BUFG | flasher/current_data[191][7]_i_1_n_0 | flasher/current_num_bytes_reg[0]_0 |                5 |             16 |
|  clk_IBUF_BUFG | flasher/current_data[195][7]_i_1_n_0 | flasher/current_num_bytes_reg[0]_0 |                2 |             16 |
|  clk_IBUF_BUFG | flasher/current_data[213][7]_i_1_n_0 | flasher/current_num_bytes_reg[0]_0 |                2 |             16 |
|  clk_IBUF_BUFG | flasher/current_data[193][7]_i_1_n_0 | flasher/current_num_bytes_reg[0]_0 |                2 |             16 |
|  clk_IBUF_BUFG | flasher/current_data[187][7]_i_1_n_0 | flasher/current_num_bytes_reg[0]_0 |                1 |             16 |
|  clk_IBUF_BUFG | flasher/current_data[211][7]_i_1_n_0 | flasher/current_num_bytes_reg[0]_0 |                2 |             16 |
|  clk_IBUF_BUFG | flasher/current_data[168][7]_i_1_n_0 | flasher/current_num_bytes_reg[0]_0 |                2 |             16 |
|  clk_IBUF_BUFG | flasher/current_data[169][7]_i_1_n_0 | flasher/current_num_bytes_reg[0]_0 |                2 |             16 |
|  clk_IBUF_BUFG | flasher/current_data[214][7]_i_1_n_0 | flasher/current_num_bytes_reg[0]_0 |                4 |             16 |
|  clk_IBUF_BUFG | flasher/current_data[202][7]_i_1_n_0 | flasher/current_num_bytes_reg[0]_0 |                2 |             16 |
|  clk_IBUF_BUFG | flasher/current_data[176][7]_i_1_n_0 | flasher/current_num_bytes_reg[0]_0 |                1 |             16 |
|  clk_IBUF_BUFG | flasher/current_data[181][7]_i_1_n_0 | flasher/current_num_bytes_reg[0]_0 |                3 |             16 |
|  clk_IBUF_BUFG | flasher/current_data[185][7]_i_1_n_0 | flasher/current_num_bytes_reg[0]_0 |                2 |             16 |
|  clk_IBUF_BUFG | flasher/current_data[182][7]_i_1_n_0 | flasher/current_num_bytes_reg[0]_0 |                2 |             16 |
|  clk_IBUF_BUFG | flasher/current_data[189][7]_i_1_n_0 | flasher/current_num_bytes_reg[0]_0 |                4 |             16 |
|  clk_IBUF_BUFG | flasher/current_data[18][7]_i_1_n_0  | flasher/current_num_bytes_reg[0]_0 |                2 |             16 |
|  clk_IBUF_BUFG | flasher/current_data[198][7]_i_1_n_0 | flasher/current_num_bytes_reg[0]_0 |                1 |             16 |
|  clk_IBUF_BUFG | flasher/current_data[184][7]_i_1_n_0 | flasher/current_num_bytes_reg[0]_0 |                2 |             16 |
|  clk_IBUF_BUFG | flasher/current_data[196][7]_i_1_n_0 | flasher/current_num_bytes_reg[0]_0 |                2 |             16 |
|  clk_IBUF_BUFG | flasher/current_data[174][7]_i_1_n_0 | flasher/current_num_bytes_reg[0]_0 |                3 |             16 |
|  clk_IBUF_BUFG | flasher/current_data[197][7]_i_1_n_0 | flasher/current_num_bytes_reg[0]_0 |                4 |             16 |
|  clk_IBUF_BUFG | flasher/current_data[186][7]_i_1_n_0 | flasher/current_num_bytes_reg[0]_0 |                2 |             16 |
|  clk_IBUF_BUFG | flasher/current_data[199][7]_i_1_n_0 | flasher/current_num_bytes_reg[0]_0 |                1 |             16 |
|  clk_IBUF_BUFG | flasher/current_data[200][7]_i_1_n_0 | flasher/current_num_bytes_reg[0]_0 |                4 |             16 |
|  clk_IBUF_BUFG | flasher/current_data[190][7]_i_1_n_0 | flasher/current_num_bytes_reg[0]_0 |                4 |             16 |
|  clk_IBUF_BUFG | flasher/current_data[173][7]_i_1_n_0 | flasher/current_num_bytes_reg[0]_0 |                2 |             16 |
|  clk_IBUF_BUFG | flasher/current_data[170][7]_i_1_n_0 | flasher/current_num_bytes_reg[0]_0 |                3 |             16 |
|  clk_IBUF_BUFG | flasher/current_data[201][7]_i_1_n_0 | flasher/current_num_bytes_reg[0]_0 |                3 |             16 |
|  clk_IBUF_BUFG | flasher/current_data[192][7]_i_1_n_0 | flasher/current_num_bytes_reg[0]_0 |                2 |             16 |
|  clk_IBUF_BUFG | flasher/current_data[203][7]_i_1_n_0 | flasher/current_num_bytes_reg[0]_0 |                3 |             16 |
|  clk_IBUF_BUFG | flasher/current_data[171][7]_i_1_n_0 | flasher/current_num_bytes_reg[0]_0 |                2 |             16 |
|  clk_IBUF_BUFG | flasher/current_data[205][7]_i_1_n_0 | flasher/current_num_bytes_reg[0]_0 |                2 |             16 |
|  clk_IBUF_BUFG | flasher/current_data[244][7]_i_1_n_0 | flasher/current_num_bytes_reg[0]_0 |                2 |             16 |
|  clk_IBUF_BUFG | flasher/current_data[215][7]_i_1_n_0 | flasher/current_num_bytes_reg[0]_0 |                5 |             16 |
|  clk_IBUF_BUFG | flasher/current_data[21][7]_i_1_n_0  | flasher/current_num_bytes_reg[0]_0 |                1 |             16 |
|  clk_IBUF_BUFG | flasher/current_data[231][7]_i_1_n_0 | flasher/current_num_bytes_reg[0]_0 |                3 |             16 |
|  clk_IBUF_BUFG | flasher/current_data[232][7]_i_1_n_0 | flasher/current_num_bytes_reg[0]_0 |                2 |             16 |
|  clk_IBUF_BUFG | flasher/current_data[233][7]_i_1_n_0 | flasher/current_num_bytes_reg[0]_0 |                4 |             16 |
|  clk_IBUF_BUFG | flasher/current_data[220][7]_i_1_n_0 | flasher/current_num_bytes_reg[0]_0 |                4 |             16 |
|  clk_IBUF_BUFG | flasher/current_data[221][7]_i_1_n_0 | flasher/current_num_bytes_reg[0]_0 |                2 |             16 |
|  clk_IBUF_BUFG | flasher/current_data[228][7]_i_1_n_0 | flasher/current_num_bytes_reg[0]_0 |                2 |             16 |
|  clk_IBUF_BUFG | flasher/current_data[229][7]_i_1_n_0 | flasher/current_num_bytes_reg[0]_0 |                3 |             16 |
|  clk_IBUF_BUFG | flasher/current_data[234][7]_i_1_n_0 | flasher/current_num_bytes_reg[0]_0 |                1 |             16 |
|  clk_IBUF_BUFG | flasher/current_data[23][7]_i_1_n_0  | flasher/current_num_bytes_reg[0]_0 |                2 |             16 |
|  clk_IBUF_BUFG | flasher/current_data[238][7]_i_1_n_0 | flasher/current_num_bytes_reg[0]_0 |                6 |             16 |
|  clk_IBUF_BUFG | flasher/current_data[246][7]_i_1_n_0 | flasher/current_num_bytes_reg[0]_0 |                2 |             16 |
|  clk_IBUF_BUFG | flasher/current_data[240][7]_i_1_n_0 | flasher/current_num_bytes_reg[0]_0 |                1 |             16 |
|  clk_IBUF_BUFG | flasher/current_data[247][7]_i_1_n_0 | flasher/current_num_bytes_reg[0]_0 |                3 |             16 |
|  clk_IBUF_BUFG | flasher/current_data[243][7]_i_1_n_0 | flasher/current_num_bytes_reg[0]_0 |                2 |             16 |
|  clk_IBUF_BUFG | flasher/current_data[245][7]_i_1_n_0 | flasher/current_num_bytes_reg[0]_0 |                2 |             16 |
|  clk_IBUF_BUFG | flasher/current_data[223][7]_i_1_n_0 | flasher/current_num_bytes_reg[0]_0 |                8 |             16 |
|  clk_IBUF_BUFG | flasher/current_data[248][7]_i_1_n_0 | flasher/current_num_bytes_reg[0]_0 |                3 |             16 |
|  clk_IBUF_BUFG | flasher/current_data[24][7]_i_1_n_0  | flasher/current_num_bytes_reg[0]_0 |                2 |             16 |
|  clk_IBUF_BUFG | flasher/current_data[217][7]_i_1_n_0 | flasher/current_num_bytes_reg[0]_0 |                2 |             16 |
|  clk_IBUF_BUFG | flasher/current_data[222][7]_i_1_n_0 | flasher/current_num_bytes_reg[0]_0 |                1 |             16 |
|  clk_IBUF_BUFG | flasher/current_data[235][7]_i_1_n_0 | flasher/current_num_bytes_reg[0]_0 |                5 |             16 |
|  clk_IBUF_BUFG | flasher/current_data[250][7]_i_1_n_0 | flasher/current_num_bytes_reg[0]_0 |                3 |             16 |
|  clk_IBUF_BUFG | flasher/current_data[252][7]_i_1_n_0 | flasher/current_num_bytes_reg[0]_0 |                5 |             16 |
|  clk_IBUF_BUFG | flasher/current_data[254][7]_i_1_n_0 | flasher/current_num_bytes_reg[0]_0 |                5 |             16 |
|  clk_IBUF_BUFG | flasher/current_data[22][7]_i_1_n_0  | flasher/current_num_bytes_reg[0]_0 |                2 |             16 |
|  clk_IBUF_BUFG | flasher/current_data[224][7]_i_1_n_0 | flasher/current_num_bytes_reg[0]_0 |                4 |             16 |
|  clk_IBUF_BUFG | flasher/current_data[255][7]_i_1_n_0 | flasher/current_num_bytes_reg[0]_0 |                5 |             16 |
|  clk_IBUF_BUFG | flasher/current_data[253][7]_i_1_n_0 | flasher/current_num_bytes_reg[0]_0 |                5 |             16 |
|  clk_IBUF_BUFG | flasher/current_data[251][7]_i_1_n_0 | flasher/current_num_bytes_reg[0]_0 |                3 |             16 |
|  clk_IBUF_BUFG | flasher/current_data[236][7]_i_1_n_0 | flasher/current_num_bytes_reg[0]_0 |                3 |             16 |
|  clk_IBUF_BUFG | flasher/current_data[225][7]_i_1_n_0 | flasher/current_num_bytes_reg[0]_0 |                4 |             16 |
|  clk_IBUF_BUFG | flasher/current_data[237][7]_i_1_n_0 | flasher/current_num_bytes_reg[0]_0 |                3 |             16 |
|  clk_IBUF_BUFG | flasher/current_data[26][7]_i_1_n_0  | flasher/current_num_bytes_reg[0]_0 |                2 |             16 |
|  clk_IBUF_BUFG | flasher/current_data[239][7]_i_1_n_0 | flasher/current_num_bytes_reg[0]_0 |                6 |             16 |
|  clk_IBUF_BUFG | flasher/current_data[226][7]_i_1_n_0 | flasher/current_num_bytes_reg[0]_0 |                2 |             16 |
|  clk_IBUF_BUFG | flasher/current_data[216][7]_i_1_n_0 | flasher/current_num_bytes_reg[0]_0 |                3 |             16 |
|  clk_IBUF_BUFG | flasher/current_data[27][7]_i_1_n_0  | flasher/current_num_bytes_reg[0]_0 |                2 |             16 |
|  clk_IBUF_BUFG | flasher/current_data[227][7]_i_1_n_0 | flasher/current_num_bytes_reg[0]_0 |                2 |             16 |
|  clk_IBUF_BUFG | flasher/current_data[28][7]_i_1_n_0  | flasher/current_num_bytes_reg[0]_0 |                7 |             16 |
|  clk_IBUF_BUFG | flasher/current_data[29][7]_i_1_n_0  | flasher/current_num_bytes_reg[0]_0 |                4 |             16 |
|  clk_IBUF_BUFG | flasher/current_data[219][7]_i_1_n_0 | flasher/current_num_bytes_reg[0]_0 |                5 |             16 |
|  clk_IBUF_BUFG | flasher/current_data[242][7]_i_1_n_0 | flasher/current_num_bytes_reg[0]_0 |                4 |             16 |
|  clk_IBUF_BUFG | flasher/current_data[25][7]_i_1_n_0  | flasher/current_num_bytes_reg[0]_0 |                1 |             16 |
|  clk_IBUF_BUFG | flasher/current_data[2][7]_i_1_n_0   | flasher/current_num_bytes_reg[0]_0 |                1 |             16 |
|  clk_IBUF_BUFG | flasher/current_data[218][7]_i_1_n_0 | flasher/current_num_bytes_reg[0]_0 |                3 |             16 |
|  clk_IBUF_BUFG | flasher/current_data[241][7]_i_1_n_0 | flasher/current_num_bytes_reg[0]_0 |                2 |             16 |
|  clk_IBUF_BUFG | flasher/current_data[249][7]_i_1_n_0 | flasher/current_num_bytes_reg[0]_0 |                3 |             16 |
|  clk_IBUF_BUFG | flasher/current_data[230][7]_i_1_n_0 | flasher/current_num_bytes_reg[0]_0 |                3 |             16 |
|  clk_IBUF_BUFG | flasher/current_data[38][7]_i_1_n_0  | flasher/current_num_bytes_reg[0]_0 |                4 |             16 |
|  clk_IBUF_BUFG | flasher/current_data[36][7]_i_1_n_0  | flasher/current_num_bytes_reg[0]_0 |                3 |             16 |
|  clk_IBUF_BUFG | flasher/current_data[51][7]_i_1_n_0  | flasher/current_num_bytes_reg[0]_0 |                2 |             16 |
|  clk_IBUF_BUFG | flasher/current_data[58][7]_i_1_n_0  | flasher/current_num_bytes_reg[0]_0 |                2 |             16 |
|  clk_IBUF_BUFG | flasher/current_data[32][7]_i_1_n_0  | flasher/current_num_bytes_reg[0]_0 |                1 |             16 |
|  clk_IBUF_BUFG | flasher/current_data[54][7]_i_1_n_0  | flasher/current_num_bytes_reg[0]_0 |                3 |             16 |
|  clk_IBUF_BUFG | flasher/current_data[52][7]_i_1_n_0  | flasher/current_num_bytes_reg[0]_0 |                2 |             16 |
|  clk_IBUF_BUFG | flasher/current_data[55][7]_i_1_n_0  | flasher/current_num_bytes_reg[0]_0 |                2 |             16 |
|  clk_IBUF_BUFG | flasher/current_data[61][7]_i_1_n_0  | flasher/current_num_bytes_reg[0]_0 |                2 |             16 |
|  clk_IBUF_BUFG | flasher/current_data[31][7]_i_1_n_0  | flasher/current_num_bytes_reg[0]_0 |                7 |             16 |
|  clk_IBUF_BUFG | flasher/current_data[47][7]_i_1_n_0  | flasher/current_num_bytes_reg[0]_0 |                4 |             16 |
|  clk_IBUF_BUFG | flasher/current_data[48][7]_i_1_n_0  | flasher/current_num_bytes_reg[0]_0 |                1 |             16 |
|  clk_IBUF_BUFG | flasher/current_data[63][7]_i_1_n_0  | flasher/current_num_bytes_reg[0]_0 |                6 |             16 |
|  clk_IBUF_BUFG | flasher/current_data[65][7]_i_1_n_0  | flasher/current_num_bytes_reg[0]_0 |                2 |             16 |
|  clk_IBUF_BUFG | flasher/current_data[68][7]_i_1_n_0  | flasher/current_num_bytes_reg[0]_0 |                2 |             16 |
|  clk_IBUF_BUFG | flasher/current_data[67][7]_i_1_n_0  | flasher/current_num_bytes_reg[0]_0 |                2 |             16 |
|  clk_IBUF_BUFG | flasher/current_data[39][7]_i_1_n_0  | flasher/current_num_bytes_reg[0]_0 |                2 |             16 |
|  clk_IBUF_BUFG | flasher/current_data[3][7]_i_1_n_0   | flasher/current_num_bytes_reg[0]_0 |                3 |             16 |
|  clk_IBUF_BUFG | flasher/current_data[49][7]_i_1_n_0  | flasher/current_num_bytes_reg[0]_0 |                2 |             16 |
|  clk_IBUF_BUFG | flasher/current_data[35][7]_i_1_n_0  | flasher/current_num_bytes_reg[0]_0 |                2 |             16 |
|  clk_IBUF_BUFG | flasher/current_data[43][7]_i_1_n_0  | flasher/current_num_bytes_reg[0]_0 |                3 |             16 |
|  clk_IBUF_BUFG | flasher/current_data[4][7]_i_1_n_0   | flasher/current_num_bytes_reg[0]_0 |                1 |             16 |
|  clk_IBUF_BUFG | flasher/current_data[33][7]_i_1_n_0  | flasher/current_num_bytes_reg[0]_0 |                1 |             16 |
|  clk_IBUF_BUFG | flasher/current_data[56][7]_i_1_n_0  | flasher/current_num_bytes_reg[0]_0 |                3 |             16 |
|  clk_IBUF_BUFG | flasher/current_data[59][7]_i_1_n_0  | flasher/current_num_bytes_reg[0]_0 |                5 |             16 |
|  clk_IBUF_BUFG | flasher/current_data[5][7]_i_1_n_0   | flasher/current_num_bytes_reg[0]_0 |                3 |             16 |
|  clk_IBUF_BUFG | flasher/current_data[60][7]_i_1_n_0  | flasher/current_num_bytes_reg[0]_0 |                5 |             16 |
|  clk_IBUF_BUFG | flasher/current_data[40][7]_i_1_n_0  | flasher/current_num_bytes_reg[0]_0 |                2 |             16 |
|  clk_IBUF_BUFG | flasher/current_data[50][7]_i_1_n_0  | flasher/current_num_bytes_reg[0]_0 |                1 |             16 |
|  clk_IBUF_BUFG | flasher/current_data[42][7]_i_1_n_0  | flasher/current_num_bytes_reg[0]_0 |                2 |             16 |
|  clk_IBUF_BUFG | flasher/current_data[53][7]_i_1_n_0  | flasher/current_num_bytes_reg[0]_0 |                2 |             16 |
|  clk_IBUF_BUFG | flasher/current_data[41][7]_i_1_n_0  | flasher/current_num_bytes_reg[0]_0 |                5 |             16 |
|  clk_IBUF_BUFG | flasher/current_data[57][7]_i_1_n_0  | flasher/current_num_bytes_reg[0]_0 |                2 |             16 |
|  clk_IBUF_BUFG | flasher/current_data[37][7]_i_1_n_0  | flasher/current_num_bytes_reg[0]_0 |                1 |             16 |
|  clk_IBUF_BUFG | flasher/current_data[62][7]_i_1_n_0  | flasher/current_num_bytes_reg[0]_0 |                5 |             16 |
|  clk_IBUF_BUFG | flasher/current_data[64][7]_i_1_n_0  | flasher/current_num_bytes_reg[0]_0 |                1 |             16 |
|  clk_IBUF_BUFG | flasher/current_data[66][7]_i_1_n_0  | flasher/current_num_bytes_reg[0]_0 |                3 |             16 |
|  clk_IBUF_BUFG | flasher/current_data[30][7]_i_1_n_0  | flasher/current_num_bytes_reg[0]_0 |                4 |             16 |
|  clk_IBUF_BUFG | flasher/current_data[46][7]_i_1_n_0  | flasher/current_num_bytes_reg[0]_0 |                3 |             16 |
|  clk_IBUF_BUFG | flasher/current_data[34][7]_i_1_n_0  | flasher/current_num_bytes_reg[0]_0 |                2 |             16 |
|  clk_IBUF_BUFG | flasher/current_data[45][7]_i_1_n_0  | flasher/current_num_bytes_reg[0]_0 |                6 |             16 |
|  clk_IBUF_BUFG | flasher/current_data[9][7]_i_1_n_0   | flasher/current_num_bytes_reg[0]_0 |                7 |             16 |
|  clk_IBUF_BUFG | flasher/current_data[78][7]_i_1_n_0  | flasher/current_num_bytes_reg[0]_0 |                3 |             16 |
|  clk_IBUF_BUFG | flasher/current_data[82][7]_i_1_n_0  | flasher/current_num_bytes_reg[0]_0 |                2 |             16 |
|  clk_IBUF_BUFG | flasher/current_data[90][7]_i_1_n_0  | flasher/current_num_bytes_reg[0]_0 |                6 |             16 |
|  clk_IBUF_BUFG | flasher/current_data[97][7]_i_1_n_0  | flasher/current_num_bytes_reg[0]_0 |                2 |             16 |
|  clk_IBUF_BUFG | flasher/current_data[94][7]_i_1_n_0  | flasher/current_num_bytes_reg[0]_0 |                6 |             16 |
|  clk_IBUF_BUFG | flasher/current_data[92][7]_i_1_n_0  | flasher/current_num_bytes_reg[0]_0 |                5 |             16 |
|  clk_IBUF_BUFG | flasher/current_data[98][7]_i_1_n_0  | flasher/current_num_bytes_reg[0]_0 |                4 |             16 |
|  clk_IBUF_BUFG | flasher/current_data[86][7]_i_1_n_0  | flasher/current_num_bytes_reg[0]_0 |                3 |             16 |
|  clk_IBUF_BUFG | flasher/current_data[74][7]_i_1_n_0  | flasher/current_num_bytes_reg[0]_0 |                3 |             16 |
|  clk_IBUF_BUFG | flasher/current_data[44][7]_i_1_n_0  | flasher/current_num_bytes_reg[0]_0 |                4 |             16 |
|  clk_IBUF_BUFG | flasher/current_data[75][7]_i_1_n_0  | flasher/current_num_bytes_reg[0]_0 |                2 |             16 |
|  clk_IBUF_BUFG | flasher/current_data[70][7]_i_1_n_0  | flasher/current_num_bytes_reg[0]_0 |                3 |             16 |
|  clk_IBUF_BUFG | flasher/current_data[83][7]_i_1_n_0  | flasher/current_num_bytes_reg[0]_0 |                6 |             16 |
|  clk_IBUF_BUFG | flasher/current_data[91][7]_i_1_n_0  | flasher/current_num_bytes_reg[0]_0 |                4 |             16 |
|  clk_IBUF_BUFG | flasher/current_data[73][7]_i_1_n_0  | flasher/current_num_bytes_reg[0]_0 |                2 |             16 |
|  clk_IBUF_BUFG | flasher/current_data[69][7]_i_1_n_0  | flasher/current_num_bytes_reg[0]_0 |                1 |             16 |
|  clk_IBUF_BUFG | flasher/current_data[88][7]_i_1_n_0  | flasher/current_num_bytes_reg[0]_0 |                3 |             16 |
|  clk_IBUF_BUFG | flasher/current_data[89][7]_i_1_n_0  | flasher/current_num_bytes_reg[0]_0 |                2 |             16 |
|  clk_IBUF_BUFG | flasher/current_data[8][7]_i_1_n_0   | flasher/current_num_bytes_reg[0]_0 |                5 |             16 |
|  clk_IBUF_BUFG | flasher/current_data[95][7]_i_1_n_0  | flasher/current_num_bytes_reg[0]_0 |                6 |             16 |
|  clk_IBUF_BUFG | flasher/current_data[71][7]_i_1_n_0  | flasher/current_num_bytes_reg[0]_0 |                2 |             16 |
|  clk_IBUF_BUFG | flasher/current_data[72][7]_i_1_n_0  | flasher/current_num_bytes_reg[0]_0 |                2 |             16 |
|  clk_IBUF_BUFG | flasher/current_data[80][7]_i_1_n_0  | flasher/current_num_bytes_reg[0]_0 |                4 |             16 |
|  clk_IBUF_BUFG | flasher/current_data[96][7]_i_1_n_0  | flasher/current_num_bytes_reg[0]_0 |                1 |             16 |
|  clk_IBUF_BUFG | flasher/current_data[99][7]_i_1_n_0  | flasher/current_num_bytes_reg[0]_0 |                3 |             16 |
|  clk_IBUF_BUFG | flasher/current_data[6][7]_i_1_n_0   | flasher/current_num_bytes_reg[0]_0 |                4 |             16 |
|  clk_IBUF_BUFG | flasher/current_data[76][7]_i_1_n_0  | flasher/current_num_bytes_reg[0]_0 |                4 |             16 |
|  clk_IBUF_BUFG | flasher/current_data[79][7]_i_1_n_0  | flasher/current_num_bytes_reg[0]_0 |                8 |             16 |
|  clk_IBUF_BUFG | flasher/current_data[93][7]_i_1_n_0  | flasher/current_num_bytes_reg[0]_0 |                5 |             16 |
|  clk_IBUF_BUFG | flasher/current_data[7][7]_i_1_n_0   | flasher/current_num_bytes_reg[0]_0 |                4 |             16 |
|  clk_IBUF_BUFG | flasher/current_data[81][7]_i_1_n_0  | flasher/current_num_bytes_reg[0]_0 |                3 |             16 |
|  clk_IBUF_BUFG | flasher/current_data[85][7]_i_1_n_0  | flasher/current_num_bytes_reg[0]_0 |                3 |             16 |
|  clk_IBUF_BUFG | flasher/current_data[84][7]_i_1_n_0  | flasher/current_num_bytes_reg[0]_0 |                5 |             16 |
|  clk_IBUF_BUFG | flasher/current_data[77][7]_i_1_n_0  | flasher/current_num_bytes_reg[0]_0 |                3 |             16 |
|  clk_IBUF_BUFG | flasher/current_num_bytes[7]_i_1_n_0 | flasher/current_num_bytes_reg[0]_0 |                3 |             16 |
|  clk_IBUF_BUFG | flasher/current_data[106][7]_i_1_n_0 | flasher/current_num_bytes_reg[0]_0 |                2 |             16 |
|  clk_IBUF_BUFG | flasher/current_data[114][7]_i_1_n_0 | flasher/current_num_bytes_reg[0]_0 |                2 |             16 |
|  clk_IBUF_BUFG | uart/tx_buffer[8]_i_1_n_0            |                                    |                4 |             16 |
|  clk_IBUF_BUFG | uart/rx_buffer0                      |                                    |                2 |             16 |
|  clk_IBUF_BUFG | flasher/current_data[87][7]_i_1_n_0  | flasher/current_num_bytes_reg[0]_0 |                3 |             16 |
|  clk_IBUF_BUFG | flasher/current_index[7]_i_1_n_0     | flasher/current_num_bytes_reg[0]_0 |                7 |             42 |
|  clk_IBUF_BUFG | spi/count0_0                         | spi/count[31]_i_1_n_0              |                8 |             58 |
|  clk_IBUF_BUFG |                                      | flasher/current_num_bytes_reg[0]_0 |               13 |             60 |
|  clk_IBUF_BUFG | uart/rx_data0                        | flasher/current_num_bytes_reg[0]_0 |               10 |             64 |
+----------------+--------------------------------------+------------------------------------+------------------+----------------+


